// Jest Snapshot v1, https://goo.gl/fbAQLP

exports[`SignUp should match snapshot 1`] = `
<section>
  <form
    className="sign-in-form"
    onSubmit={[MockFunction]}
  >
    <input
      className="sign-up"
      name="name"
      onChange={[MockFunction]}
      placeholder="Name"
      type="text"
      value="Andre 3000"
    />
    <input
      className="sign-up"
      name="email"
      onChange={[MockFunction]}
      placeholder="example@example.com"
      type="text"
      value="andre@outkast.com"
    />
    <input
      className="sign-up"
      name="password"
      onChange={[MockFunction]}
      placeholder="Password"
      type="password"
      value="imBetterThanBIGBoi321"
    />
    <button
      className="sign-up-btn"
    >
      Sign Up
    </button>
  </form>
</section>
`;
