// Jest Snapshot v1, https://goo.gl/fbAQLP

exports[`SignUpMenu should match snapshot 1`] = `
<section
  className="sign-up-bar"
>
  <SignUp
    email=""
    handleAdd={[Function]}
    handleAddChange={[Function]}
    name=""
    password=""
  />
</section>
`;

exports[`SignUpMenu should match snapshot 2`] = `
<section
  className="sign-up-bar"
>
  <SignUp
    email=""
    handleAdd={[Function]}
    handleAddChange={[Function]}
    name=""
    password=""
  />
</section>
`;
