// Jest Snapshot v1, https://goo.gl/fbAQLP

exports[`MovieContainer should match snapshot 1`] = `
<section
  className="movie-container"
>
  <Movie
    backDrop="/1TUg5pO1VZ4B0Q1amk3OlXvlpXV.jpg"
    id={420818}
    key="420818"
    poster="/dzBtMocZuJbjLOXvrl4zGYigDzh.jpg"
    rating={7}
    title="The Lion King"
  />
</section>
`;
